..=..../\/\
...........
...........
...........
...........
..@........
/........./
\.........\
/........./
\.........\
..@........
........\/.

(side pos)>..=..../\/\
...........
...........
...........
...........
..@........
/........./
\.........\
/........./
\.........\
..@........
..1.....\/.

..=..../\/\
...........
...........
...........
...........
..@........
/........./
\.........\
/........./
\.........\
..@........
..1.....\/.

..=..../\/\
...........
...........
...........
...........
..@........
/........./
\.........\
/........./
\.........\
..@........
..1.....\/.

..=..../\/\
...........
...........
...........
...........
..@........
/........./
\.........\
/........./
\.........\
..@........
..1.....\/.

..=..../\/\
..1........
...........
...........
...........
..@........
/........./
\.........\
/........./
\.........\
..@........
..1.....\/.

..=..../\/\
..1........
..1........
...........
...........
..@........
/........./
\.........\
/........./
\.........\
..@........
..1.....\/.

..=..../\/\
..1........
..1........
..1........
...........
..@........
/........./
\.........\
/........./
\.........\
..@........
..1.....\/.

..=..../\/\
..1........
..1........
..1........
..1........
..@........
/........./
\.........\
/........./
\.........\
..@........
..1.....\/.

..=..../\/\
..1........
..1........
..1........
..1........
..@........
/........./
\.........\
/........./
\.........\
..@........
..1.....\/.

..=..../\/\
..1........
..1........
..1........
..1........
..@........
/........./
\.........\
/........./
\.........\
..@........
..1.....\/.

End of simulation.
..=..../\/\
...........
...........
...........
...........
..@........
/........./
\.........\
/........./
\.........\
..@........
........\/.

(side pos)>..=..../\/\
...........
...........
...........
...........
..@........
/........./
\.........\
/........./
\.........\
..@........
........\/1

..=..../\/\
...........
...........
...........
...........
..@........
/........./
\.........\
/........./
\.........\
..@.......1
........\/1

..=..../\/\
...........
...........
...........
...........
..@........
/........./
\.........\
/........./
\.........\
..@.......1
........\/1

..=..../\/\
...........
...........
...........
...........
..@........
/........./
\.........\
/........./
\........1\
..@.......1
........\/1

..=..../\/\
...........
...........
...........
...........
..@........
/........./
\.........\
/........./
\.......11\
..@.......1
........\/1

..=..../\/\
...........
...........
...........
...........
..@........
/........./
\.........\
/........./
\......111\
..@.......1
........\/1

..=..../\/\
...........
...........
...........
...........
..@........
/........./
\.........\
/........./
\.....1111\
..@.......1
........\/1

..=..../\/\
...........
...........
...........
...........
..@........
/........./
\.........\
/........./
\....11111\
..@.......1
........\/1

..=..../\/\
...........
...........
...........
...........
..@........
/........./
\.........\
/........./
\...111111\
..@.......1
........\/1

..=..../\/\
...........
...........
...........
...........
..@........
/........./
\.........\
/........./
\..1111111\
..@.......1
........\/1

End of simulation.
..=..../\/\
...........
...........
...........
...........
..@........
/........./
\.........\
/........./
\.........\
..@........
........\/.

(side pos)>