....@.....
..........
..........
..........
..........
..........
..........
..........
..........
..........

(side pos)>....@....1
..........
..........
..........
..........
..........
..........
..........
..........
..........

....@...11
..........
..........
..........
..........
..........
..........
..........
..........
..........

....@..111
..........
..........
..........
..........
..........
..........
..........
..........
..........

....@.1111
..........
..........
..........
..........
..........
..........
..........
..........
..........

....@11111
..........
..........
..........
..........
..........
..........
..........
..........
..........

....@11111
..........
..........
..........
..........
..........
..........
..........
..........
..........

End of simulation.
....@.....
..........
..........
..........
..........
..........
..........
..........
..........
..........

(side pos)>