...........
....==.=...
.....===...
..=....==..

(side pos)>......1....
....==.=...
.....===...
..=....==..

......1....
....==1=...
.....===...
..=....==..

......1....
....==1=...
.....===...
..=....==..

......1....
....==2=...
.....===...
..=....==..

......2....
....==2=...
.....===...
..=....==..

End of simulation.
...........
....==.=...
.....===...
..=....==..

(side pos)>...........
....==.=...
.....===...
..=...1==..

...........
....==.=...
.....===...
..=...1==..

...........
....==.=...
.....===...
..=...2==..

End of simulation.
...........
....==.=...
.....===...
..=....==..

(side pos)>