.../.
.....
././.
.....
.....

(side pos)>1../.
.....
././.
.....
.....

11./.
.....
././.
.....
.....

111/.
.....
././.
.....
.....

111/.
.....
././.
.....
.....

End of simulation.
.../.
.....
././.
.....
.....

(side pos)>.../.
.....
././.
.....
.1...

.../.
.....
././.
.1...
.1...

.../.
.....
././.
.1...
.1...

.../.
.....
./1/.
.1...
.1...

.../.
.....
./1/.
.1...
.1...

.../.
...1.
./1/.
.1...
.1...

.../.
...1.
./1/.
.1...
.1...

.../1
...1.
./1/.
.1...
.1...

End of simulation.
.../.
.....
././.
.....
.....

(side pos)>