..\..
.....
.\...
.....
\.\..

(side pos)>..\.1
.....
.\...
.....
\.\..

..\11
.....
.\...
.....
\.\..

..\11
.....
.\...
.....
\.\..

End of simulation.
..\..
.....
.\...
.....
\.\..

(side pos)>..\..
.....
.\...
.....
\1\..

..\..
.....
.\...
.1...
\1\..

..\..
.....
.\...
.1...
\1\..

..\..
.....
1\...
.1...
\1\..

End of simulation.
..\..
.....
.\...
.....
\.\..

(side pos)>..\..
....1
.\...
.....
\.\..

..\..
...11
.\...
.....
\.\..

..\..
..111
.\...
.....
\.\..

..\..
.1111
.\...
.....
\.\..

..\..
11111
.\...
.....
\.\..

End of simulation.
..\..
.....
.\...
.....
\.\..

(side pos)>