....
.\..
....
....

(side pos)>....
.\.1
....
....

....
.\11
....
....

....
.\11
....
....

.1..
.\11
....
....

End of simulation.
....
.\..
....
....

(side pos)>