....
.B..
....
A...

(side pos)>1...
.B..
....
A...

1...
1B..
....
A...

1...
1B..
1...
A...

1...
1B..
1...
A...

1...
1B..
11..
A...

1...
1B..
11..
A1..

End of simulation.
....
.B..
....
A...

(side pos)>