....
.B..
....
A...

(side pos)>....
.B..
....
A...

....
.B1.
....
A...

....
.B11
....
A...

End of simulation.
....
.B..
....
A...

(side pos)>