....
.B..
....
A...

(side pos)>....
.B..
....
A1..

....
.B..
.1..
A1..

....
.B..
.1..
A1..

....
.B..
11..
A1..

....
1B..
11..
A1..

End of simulation.
....
.B..
....
A...

(side pos)>