....
.B..
..A.
....

(side pos)>....
.B.1
..A.
....

....
.B11
..A.
....

....
.B11
..A.
....

....
.B11
.1A.
....

....
.B11
11A.
....

End of simulation.
....
.B..
..A.
....

(side pos)>